#-----------------------------------------------------------
# PlanAhead v14.7 (64-bit)
# Build 321239 by xbuild on Fri Sep 27 19:29:51 MDT 2013
# Start of session at: Tue Feb 16 20:40:00 2016
# Process ID: 5632
# Log file: C:/Embedded Projects/Ascending_Des_PB/Ascending_Descending_PB/planAhead_run_1/planAhead.log
# Journal file: C:/Embedded Projects/Ascending_Des_PB/Ascending_Descending_PB/planAhead_run_1/planAhead.jou
#-----------------------------------------------------------
start_gui
source {C:/Embedded Projects/Ascending_Des_PB/Ascending_Descending_PB/pa.fromNetlist.tcl}
startgroup
set_property package_pin N16 [get_ports {an[3]}]
endgroup
startgroup
set_property package_pin N15 [get_ports {an[2]}]
endgroup
startgroup
set_property package_pin P18 [get_ports {an[1]}]
endgroup
startgroup
set_property package_pin P17 [get_ports {an[0]}]
endgroup
startgroup
set_property package_pin P17 [get_ports {an[0]}]
endgroup
startgroup
set_property package_pin T17 [get_ports {Seg[6]}]
endgroup
startgroup
set_property package_pin T18 [get_ports {Seg[5]}]
endgroup
startgroup
set_property package_pin U17 [get_ports {Seg[4]}]
endgroup
startgroup
set_property package_pin U18 [get_ports {Seg[3]}]
endgroup
startgroup
set_property package_pin M14 [get_ports {Seg[2]}]
endgroup
startgroup
set_property package_pin N14 [get_ports {Seg[1]}]
endgroup
startgroup
set_property package_pin L14 [get_ports {Seg[0]}]
endgroup
startgroup
set_property package_pin L14 [get_ports {Seg[0]}]
endgroup
startgroup
set_property package_pin V10 [get_ports Clk]
endgroup
startgroup
set_property package_pin B8 [get_ports Clr]
endgroup
startgroup
set_property package_pin T10 [get_ports SW]
endgroup
set_property is_loc_fixed false [get_ports [list  SW]]
set_property is_loc_fixed true [get_ports [list  SW]]
save_constraints
