#-----------------------------------------------------------
# PlanAhead v14.6 (64-bit)
# Build 269223 by xbuild on Wed Jun  5 11:14:03 MDT 2013
# Start of session at: Wed Jan 13 18:12:50 2016
# Process ID: 3488
# Log file: D:/Embedded Projects/P01/BasicGates/planAhead_run_1/planAhead.log
# Journal file: D:/Embedded Projects/P01/BasicGates/planAhead_run_1/planAhead.jou
#-----------------------------------------------------------
start_gui
source {D:/Embedded Projects/P01/BasicGates/pa.fromNetlist.tcl}
startgroup
set_property package_pin T10 [get_ports A]
endgroup
startgroup
set_property package_pin T9 [get_ports B]
endgroup
startgroup
set_property package_pin U16 [get_ports Y]
endgroup
startgroup
set_property package_pin T10 [get_ports A]
endgroup
startgroup
set_property package_pin T9 [get_ports B]
endgroup
startgroup
set_property package_pin U16 [get_ports Y]
endgroup
startgroup
set_property package_pin U16 [get_ports Y]
endgroup
startgroup
set_property package_pin T9 [get_ports B]
endgroup
startgroup
set_property package_pin U16 [get_ports Y]
endgroup
set_property iostandard LVCMOS25 [get_ports [list A]]
save_constraints
