#-----------------------------------------------------------
# PlanAhead v14.7 (64-bit)
# Build 321239 by xbuild on Fri Sep 27 19:29:51 MDT 2013
# Start of session at: Wed Feb 17 12:17:25 2016
# Process ID: 2828
# Log file: C:/Embedded Projects/Grey_Counter/Grey_Counter/planAhead_run_1/planAhead.log
# Journal file: C:/Embedded Projects/Grey_Counter/Grey_Counter/planAhead_run_1/planAhead.jou
#-----------------------------------------------------------
start_gui
source {C:/Embedded Projects/Grey_Counter/Grey_Counter/pa.fromNetlist.tcl}
startgroup
set_property package_pin V15 [get_ports {Q[3]}]
endgroup
startgroup
set_property package_pin U15 [get_ports {Q[2]}]
endgroup
startgroup
set_property package_pin V16 [get_ports {Q[1]}]
endgroup
startgroup
set_property package_pin U16 [get_ports {Q[0]}]
endgroup
startgroup
set_property package_pin V10 [get_ports Clk]
endgroup
startgroup
set_property package_pin B8 [get_ports Clr]
endgroup
set_property is_loc_fixed false [get_ports [list  Clr]]
set_property is_loc_fixed true [get_ports [list  Clr]]
save_constraints
